// Jest Snapshot v1, https://goo.gl/fbAQLP

exports[`Data Pair Tests Should render correctly 1`] = `
<div
  style={
    Object {
      "padding": "0px 15px 0px 15px",
    }
  }
>
  <b
    style={
      Object {
        "padding": "0px 0px 0px 15px",
      }
    }
  >
     
    hello
    :
  </b>
  world
</div>
`;
